MPLINK 5.08, LINKER
Linker Map File - Created Sat Nov 12 16:22:06 2016

                                 Section Info
                  Section       Type    Address   Location Size(Bytes)
                ---------  ---------  ---------  ---------  ---------
                   .org_0       code   0x000000    program   0x0000ae
                   .cinit    romdata   0x000057    program   0x000004
.config_2007_BUILD/DEFAULT/PRODUCTION/MAINPRO       code   0x002007    program   0x000002



                              Program Memory Usage 
                               Start         End      
                           ---------   ---------      
                            0x000000    0x000058      
                            0x002007    0x002007      
            90 out of 8454 program addresses used, program memory utilization is 1%



                              Symbols - Sorted by Name
                     Name    Address   Location    Storage File                     
                ---------  ---------  ---------  --------- ---------                
                      Abs   0x000052    program     static C:\Users\db141\MPLABXProjects\EX-01.X\MAINPROGREM.asm
                  Builder   0x000019    program     static C:\Users\db141\MPLABXProjects\EX-01.X\MAINPROGREM.asm
                    Hisor   0x00000a    program     static C:\Users\db141\MPLABXProjects\EX-01.X\MAINPROGREM.asm
                    Kafal   0x000043    program     static C:\Users\db141\MPLABXProjects\EX-01.X\MAINPROGREM.asm
                LoopBooth   0x000024    program     static C:\Users\db141\MPLABXProjects\EX-01.X\MAINPROGREM.asm
                  MpahutA   0x00002f    program     static C:\Users\db141\MPLABXProjects\EX-01.X\MAINPROGREM.asm
                   MplusA   0x00002c    program     static C:\Users\db141\MPLABXProjects\EX-01.X\MAINPROGREM.asm
               MtoBtoLast   0x000032    program     static C:\Users\db141\MPLABXProjects\EX-01.X\MAINPROGREM.asm
                 PreCheck   0x000010    program     static C:\Users\db141\MPLABXProjects\EX-01.X\MAINPROGREM.asm
                    Reset   0x000000    program     static C:\Users\db141\MPLABXProjects\EX-01.X\MAINPROGREM.asm
                    Start   0x000006    program     static C:\Users\db141\MPLABXProjects\EX-01.X\MAINPROGREM.asm
               boothKafal   0x000010    program     static C:\Users\db141\MPLABXProjects\EX-01.X\MAINPROGREM.asm
                     exit   0x000057    program     static C:\Users\db141\MPLABXProjects\EX-01.X\MAINPROGREM.asm
                     loop   0x00004b    program     static C:\Users\db141\MPLABXProjects\EX-01.X\MAINPROGREM.asm
                     main   0x000009    program     static C:\Users\db141\MPLABXProjects\EX-01.X\MAINPROGREM.asm
               nextIfZero   0x000029    program     static C:\Users\db141\MPLABXProjects\EX-01.X\MAINPROGREM.asm
            zerokapalexit   0x000055    program     static C:\Users\db141\MPLABXProjects\EX-01.X\MAINPROGREM.asm



                              Symbols - Sorted by Address
                     Name    Address   Location    Storage File                     
                ---------  ---------  ---------  --------- ---------                
                    Reset   0x000000    program     static C:\Users\db141\MPLABXProjects\EX-01.X\MAINPROGREM.asm
                    Start   0x000006    program     static C:\Users\db141\MPLABXProjects\EX-01.X\MAINPROGREM.asm
                     main   0x000009    program     static C:\Users\db141\MPLABXProjects\EX-01.X\MAINPROGREM.asm
                    Hisor   0x00000a    program     static C:\Users\db141\MPLABXProjects\EX-01.X\MAINPROGREM.asm
                 PreCheck   0x000010    program     static C:\Users\db141\MPLABXProjects\EX-01.X\MAINPROGREM.asm
               boothKafal   0x000010    program     static C:\Users\db141\MPLABXProjects\EX-01.X\MAINPROGREM.asm
                  Builder   0x000019    program     static C:\Users\db141\MPLABXProjects\EX-01.X\MAINPROGREM.asm
                LoopBooth   0x000024    program     static C:\Users\db141\MPLABXProjects\EX-01.X\MAINPROGREM.asm
               nextIfZero   0x000029    program     static C:\Users\db141\MPLABXProjects\EX-01.X\MAINPROGREM.asm
                   MplusA   0x00002c    program     static C:\Users\db141\MPLABXProjects\EX-01.X\MAINPROGREM.asm
                  MpahutA   0x00002f    program     static C:\Users\db141\MPLABXProjects\EX-01.X\MAINPROGREM.asm
               MtoBtoLast   0x000032    program     static C:\Users\db141\MPLABXProjects\EX-01.X\MAINPROGREM.asm
                    Kafal   0x000043    program     static C:\Users\db141\MPLABXProjects\EX-01.X\MAINPROGREM.asm
                     loop   0x00004b    program     static C:\Users\db141\MPLABXProjects\EX-01.X\MAINPROGREM.asm
                      Abs   0x000052    program     static C:\Users\db141\MPLABXProjects\EX-01.X\MAINPROGREM.asm
            zerokapalexit   0x000055    program     static C:\Users\db141\MPLABXProjects\EX-01.X\MAINPROGREM.asm
                     exit   0x000057    program     static C:\Users\db141\MPLABXProjects\EX-01.X\MAINPROGREM.asm


