MPLINK 5.08, LINKER
Linker Map File - Created Thu Nov 24 08:12:29 2016

                                 Section Info
                  Section       Type    Address   Location Size(Bytes)
                ---------  ---------  ---------  ---------  ---------
                   .org_0       code   0x000000    program   0x000002
                   .cinit    romdata   0x000001    program   0x000004
                   .org_1       code   0x000010    program   0x00005e
.config_2007_BUILD/DEFAULT/PRODUCTION/RRLED.O       code   0x002007    program   0x000002



                              Program Memory Usage 
                               Start         End      
                           ---------   ---------      
                            0x000000    0x000002      
                            0x000010    0x00003e      
                            0x002007    0x002007      
            51 out of 8454 program addresses used, program memory utilization is 0%



                              Symbols - Sorted by Name
                     Name    Address   Location    Storage File                     
                ---------  ---------  ---------  --------- ---------                
                   ACTION   0x000017    program     static C:\Users\db141\MPLABXProjects\EX-02.X\RRLED.asm
                    BANK0   0x000030    program     static C:\Users\db141\MPLABXProjects\EX-02.X\RRLED.asm
                    BANK1   0x000033    program     static C:\Users\db141\MPLABXProjects\EX-02.X\RRLED.asm
                    CONT1   0x000038    program     static C:\Users\db141\MPLABXProjects\EX-02.X\RRLED.asm
                    CONT2   0x00003a    program     static C:\Users\db141\MPLABXProjects\EX-02.X\RRLED.asm
                   DELAY0   0x000028    program     static C:\Users\db141\MPLABXProjects\EX-02.X\RRLED.asm
                   DELAY1   0x00002d    program     static C:\Users\db141\MPLABXProjects\EX-02.X\RRLED.asm
                INITDELAY   0x000026    program     static C:\Users\db141\MPLABXProjects\EX-02.X\RRLED.asm
               INITDELAY1   0x00002b    program     static C:\Users\db141\MPLABXProjects\EX-02.X\RRLED.asm
                    RESET   0x000000    program     static C:\Users\db141\MPLABXProjects\EX-02.X\RRLED.asm
                    RLOOP   0x000023    program     static C:\Users\db141\MPLABXProjects\EX-02.X\RRLED.asm
                   START1   0x00001c    program     static C:\Users\db141\MPLABXProjects\EX-02.X\RRLED.asm
                   START2   0x000010    program     static C:\Users\db141\MPLABXProjects\EX-02.X\RRLED.asm
             delay_2.5KHZ   0x000036    program     static C:\Users\db141\MPLABXProjects\EX-02.X\RRLED.asm



                              Symbols - Sorted by Address
                     Name    Address   Location    Storage File                     
                ---------  ---------  ---------  --------- ---------                
                    RESET   0x000000    program     static C:\Users\db141\MPLABXProjects\EX-02.X\RRLED.asm
                   START2   0x000010    program     static C:\Users\db141\MPLABXProjects\EX-02.X\RRLED.asm
                   ACTION   0x000017    program     static C:\Users\db141\MPLABXProjects\EX-02.X\RRLED.asm
                   START1   0x00001c    program     static C:\Users\db141\MPLABXProjects\EX-02.X\RRLED.asm
                    RLOOP   0x000023    program     static C:\Users\db141\MPLABXProjects\EX-02.X\RRLED.asm
                INITDELAY   0x000026    program     static C:\Users\db141\MPLABXProjects\EX-02.X\RRLED.asm
                   DELAY0   0x000028    program     static C:\Users\db141\MPLABXProjects\EX-02.X\RRLED.asm
               INITDELAY1   0x00002b    program     static C:\Users\db141\MPLABXProjects\EX-02.X\RRLED.asm
                   DELAY1   0x00002d    program     static C:\Users\db141\MPLABXProjects\EX-02.X\RRLED.asm
                    BANK0   0x000030    program     static C:\Users\db141\MPLABXProjects\EX-02.X\RRLED.asm
                    BANK1   0x000033    program     static C:\Users\db141\MPLABXProjects\EX-02.X\RRLED.asm
             delay_2.5KHZ   0x000036    program     static C:\Users\db141\MPLABXProjects\EX-02.X\RRLED.asm
                    CONT1   0x000038    program     static C:\Users\db141\MPLABXProjects\EX-02.X\RRLED.asm
                    CONT2   0x00003a    program     static C:\Users\db141\MPLABXProjects\EX-02.X\RRLED.asm


